============================= test session starts ==============================
platform linux -- Python 3.10.12, pytest-9.0.3, pluggy-1.6.0 -- /localdev/gwang/tt_transformers/.venv/bin/python
cachedir: .pytest_cache
rootdir: /localdev/gwang/tt_transformers
configfile: pyproject.toml
plugins: cov-7.0.0, timeout-2.4.0, anyio-4.14.2
timeout: 2400.0s
timeout method: signal
timeout func_only: False
collecting ... collected 20 items / 18 deselected / 2 selected

tests/hardware/models/llama32_1b/test_demo.py::test_llama32_1b[performance-token-accuracy-N300] PASSED [ 50%]
tests/hardware/models/llama32_1b/test_demo.py::test_llama32_1b[accuracy-token-accuracy-N300] PASSED [100%]

================= 2 passed, 18 deselected in 81.84s (0:01:21) ==================
2026-09-02 21:01:54.324 | info     |    BuildKernels | JIT cache stats: 249/333 hits (74.8%) [249 cached, 106 build-once dedup, 0 merged artifacts, 0 merged genfiles] (build_cache_telemetry.cpp:207)
2026-09-02 21:01:54.324 | info     |    BuildKernels | JIT telemetry: 3 registered TelemetryTokens (build_cache_telemetry.cpp:230)
2026-09-02 21:01:54.349 | info     |          Device | Closing user mode device drivers (tt_cluster.cpp:513)
2026-09-02 21:01:54.349 | info     |             UMD | Closing devices in cluster (cluster.cpp:1201)
2026-09-02 21:01:54.387 | info     |             UMD | Closing devices in cluster completed. (cluster.cpp:1210)
2026-09-02 21:01:54.387 | info     |             UMD | Cluster destructor started. (cluster.cpp:916)
2026-09-02 21:01:54.387 | info     |             UMD | Cluster destructor completed. (cluster.cpp:919)
